ERROR | 2025-08-04 12:39:47,582 | repos.client    | create() | L62 | null value in column "dob" of relation "clients" violates not-null constraint
DETAIL:  Failing row contains (cd3b289e-fd78-4d60-b18b-a5fb9323e87b, NXT00001, Corporate, Gentest Securities, 1829011, 2017, Abossey Okine, manager@gentestsec.com.gh, 233245617281, f, null, C9162718982918, active, null, null, null, null, null, null, null, null, F, null, null, null, f, null, null, POB KN1209, Kaneshie -  Accra, ecf554fc-fc36-4970-a000-e70000000002, null, 20000000-0000-4001-0000-010000000000, null, 2025-08-04 12:39:47+00, 2025-08-04 12:39:47+00).

WARNING | 2025-08-04 12:39:47,583 | routes.setup_router | create_client() | L317 | None
WARNING | 2025-08-04 12:41:20,495 | routes.setup_router | create_client() | L317 | {'id': 'd2b904ea-9724-4db6-ba93-1227ec22a5f0', 'title_id': None, 'client_code': 'NXT00001', 'first_name': None, 'last_name': None, 'other_names': None, 'email': 'manager@gentestsec.com.gh', 'contact_no': '233245617281', 'dob': None, 'sex': 'F', 'residential_addr': None, 'postal_addr': 'POB KN1209, Kaneshie -  Accra', 'address_loc': 'Abossey Okine', 'nationality_id': None, 'profession_id': None, 'pep': False, 'client_type': 'Corporate', 'is_existing': False, 'id_type': None, 'id_number': None, 'tin_no': 'C9162718982918', 'company_name': 'Gentest Securities', 'company_reg_no': '1829011', 'year_of_inc': 2017, 'professional_group_id': 'ecf554fc-fc36-4970-a000-e70000000002', 'uploaded_doc': None, 'account_manager': None, 'claims_manager': None, 'active_status': 'active', 'created_by': '20000000-0000-4001-0000-010000000000', 'notes': None, 'employer_name': None, 'login_id': None, 'created_at': '2025-08-04T12:41:20+00:00', 'updated_at': '2025-08-04T12:41:20+00:00'}
WARNING | 2025-08-04 12:41:54,415 | utils.str       | processNewClientId() | L29 | PROC 1: mID NXT00001 -- 1
WARNING | 2025-08-04 12:41:54,416 | utils.str       | processNewClientId() | L33 | PROC 2: mID NXT00002 -- 2
WARNING | 2025-08-04 12:41:54,454 | routes.setup_router | create_client() | L317 | {'id': 'a209a330-be42-41d8-ad39-3c390b2a9e47', 'title_id': '00000000-0000-4000-8000-a20000000000', 'client_code': 'NXT00002', 'first_name': 'Cecilia', 'last_name': 'Manso', 'other_names': 'Ohemaa', 'email': 'ohemaamanso@mail.com', 'contact_no': '233238917281', 'dob': datetime.date(1980, 12, 13), 'sex': 'F', 'residential_addr': 'Kotoku', 'postal_addr': None, 'address_loc': 'Kotoku', 'nationality_id': '60000000-0000-0000-0000-010000000084', 'profession_id': 'ecf554fc-fc36-4970-a089-000000000004', 'pep': False, 'client_type': 'Individual', 'is_existing': False, 'id_type': 'Ghana Card', 'id_number': 'GHA-000000012-3', 'tin_no': 'P172891012156', 'company_name': None, 'company_reg_no': None, 'year_of_inc': None, 'professional_group_id': None, 'uploaded_doc': None, 'account_manager': None, 'claims_manager': None, 'active_status': 'active', 'created_by': '20000000-0000-4001-0000-010000000000', 'notes': None, 'employer_name': None, 'login_id': None, 'created_at': '2025-08-04T12:41:54+00:00', 'updated_at': '2025-08-04T12:41:54+00:00'}
ERROR | 2025-08-04 14:40:11,167 | repos.client    | create() | L128 | column "full_name_id" of relation "client_contacts" does not exist
LINE 1: INSERT INTO "client_contacts" ("id", "client_id", "full_name...
                                                          ^

WARNING | 2025-08-04 14:40:11,168 | routes.setup_router | create_client_contact() | L368 | None
ERROR | 2025-08-04 14:41:44,661 | repos.client    | create() | L128 | column "full_name_id" of relation "client_contacts" does not exist
LINE 1: INSERT INTO "client_contacts" ("id", "client_id", "full_name...
                                                          ^

WARNING | 2025-08-04 14:41:44,662 | routes.setup_router | create_client_contact() | L368 | None
ERROR | 2025-08-04 14:43:33,447 | repos.client    | create() | L128 | column "full_name_id" of relation "client_contacts" does not exist
LINE 1: INSERT INTO "client_contacts" ("id", "client_id", "full_name...
                                                          ^

WARNING | 2025-08-04 14:43:33,448 | routes.setup_router | create_client_contact() | L368 | None
ERROR | 2025-08-04 14:49:27,042 | repos.client    | create() | L128 | column "full_name_id" of relation "client_contacts" does not exist
LINE 1: INSERT INTO "client_contacts" ("id", "client_id", "full_name...
                                                          ^

WARNING | 2025-08-04 14:49:27,043 | routes.setup_router | create_client_contact() | L368 | None
WARNING | 2025-08-04 14:53:07,875 | routes.setup_router | create_client_contact() | L368 | {'id': '2671ff2f-2540-447d-9e72-65a3aa114f0f', 'client_id': 'd2b904ea-9724-4db6-ba93-1227ec22a5f0', 'full_name': 'James Mason', 'contact_no': '2332016781821', 'email': 'jmmason@mail.com', 'role': 'General Manager', 'created_at': '2025-08-04T14:53:07+00:00', 'updated_at': '2025-08-04T14:53:07+00:00'}
ERROR | 2025-08-04 14:54:03,684 | repos.client    | create() | L126 | Client contact d2b904ea-9724-4db6-ba93-1227ec22a5f0 already exists | James Mason | (2332016781821, General Manager)
ERROR | 2025-08-04 14:54:03,685 | repos.client    | create() | L128 | duplicate key value violates unique constraint "client_contacts_email_unique"
DETAIL:  Key (email)=(jmmason@mail.com) already exists.

WARNING | 2025-08-04 14:54:03,686 | routes.setup_router | create_client_contact() | L368 | None
WARNING | 2025-08-04 14:54:50,126 | routes.setup_router | create_client_contact() | L368 | {'id': 'dbbae048-f4c3-45d7-b1bd-3a1ed8a64caf', 'client_id': 'd2b904ea-9724-4db6-ba93-1227ec22a5f0', 'full_name': 'Selina Mount', 'contact_no': '2332016781822', 'email': 'selmount@mail.com', 'role': 'Sales Manager', 'created_at': '2025-08-04T14:54:50+00:00', 'updated_at': '2025-08-04T14:54:50+00:00'}
DEBUG | 2025-08-04 15:43:58,558 | routes.setup_router | create_client_contact() | L363 | {'id': 'a209a330-be42-41d8-ad39-3c390b2a9e47', 'client_code': 'NXT00002', 'client_type': 'Individual', 'company_name': None, 'company_reg_no': None, 'year_of_inc': None, 'address_loc': 'Kotoku', 'email': 'ohemaamanso@mail.com', 'contact_no': '233238917281', 'is_existing': False, 'uploaded_doc': None, 'tin_no': 'P172891012156', 'active_status': 'active', 'notes': None, 'account_manager': None, 'claims_manager': None, 'title_id': '00000000-0000-4000-8000-a20000000000', 'first_name': 'Cecilia', 'last_name': 'Manso', 'other_names': 'Ohemaa', 'dob': datetime.date(1980, 12, 13), 'sex': 'F', 'nationality_id': '60000000-0000-0000-0000-010000000084', 'id_type': 'Ghana Card', 'id_number': 'GHA-000000012-3', 'pep': False, 'employer_name': None, 'residential_addr': 'Kotoku', 'postal_addr': None, 'professional_group_id': None, 'profession_id': 'ecf554fc-fc36-4970-a089-000000000004', 'created_by': '20000000-0000-4001-0000-010000000000', 'login_id': None, 'created_at': '2025-08-04T12:41:54+00:00', 'updated_at': '2025-08-04T12:41:54+00:00', 'title': {'id': '00000000-0000-4000-8000-a20000000000', 'name': 'Mrs', 'created_at': '2025-07-16T12:40:28.355805+00:00', 'updated_at': '2025-07-16T12:40:28.355805+00:00'}, 'nationality': {'id': '60000000-0000-0000-0000-010000000084', 'nationality': 'Ghanaian', 'short_name': 'Ghana', 'num_code': 288, 'alpha_2_code': 'GH', 'alpha_3_code': 'GHA', 'created_at': '2025-07-16T12:41:28.038683+00:00', 'updated_at': '2025-07-16T12:41:28.038683+00:00'}, 'profession': {'id': 'ecf554fc-fc36-4970-a089-000000000004', 'code': '006', 'name': 'Cashier', 'group_id': 'ecf554fc-fc36-4970-a000-e70000000002', 'created_at': '2025-07-16T14:31:51.010917+00:00', 'updated_at': '2025-07-16T14:31:51.010917+00:00'}, 'professional_group': {}}
DEBUG | 2025-08-04 15:45:24,117 | routes.setup_router | create_client_contact() | L363 | {'id': 'a209a330-be42-41d8-ad39-3c390b2a9e47', 'client_code': 'NXT00002', 'client_type': 'Individual', 'company_name': None, 'company_reg_no': None, 'year_of_inc': None, 'address_loc': 'Kotoku', 'email': 'ohemaamanso@mail.com', 'contact_no': '233238917281', 'is_existing': False, 'uploaded_doc': None, 'tin_no': 'P172891012156', 'active_status': 'active', 'notes': None, 'account_manager': None, 'claims_manager': None, 'title_id': '00000000-0000-4000-8000-a20000000000', 'first_name': 'Cecilia', 'last_name': 'Manso', 'other_names': 'Ohemaa', 'dob': datetime.date(1980, 12, 13), 'sex': 'F', 'nationality_id': '60000000-0000-0000-0000-010000000084', 'id_type': 'Ghana Card', 'id_number': 'GHA-000000012-3', 'pep': False, 'employer_name': None, 'residential_addr': 'Kotoku', 'postal_addr': None, 'professional_group_id': None, 'profession_id': 'ecf554fc-fc36-4970-a089-000000000004', 'created_by': '20000000-0000-4001-0000-010000000000', 'login_id': None, 'created_at': '2025-08-04T12:41:54+00:00', 'updated_at': '2025-08-04T12:41:54+00:00', 'title': {'id': '00000000-0000-4000-8000-a20000000000', 'name': 'Mrs', 'created_at': '2025-07-16T12:40:28.355805+00:00', 'updated_at': '2025-07-16T12:40:28.355805+00:00'}, 'nationality': {'id': '60000000-0000-0000-0000-010000000084', 'nationality': 'Ghanaian', 'short_name': 'Ghana', 'num_code': 288, 'alpha_2_code': 'GH', 'alpha_3_code': 'GHA', 'created_at': '2025-07-16T12:41:28.038683+00:00', 'updated_at': '2025-07-16T12:41:28.038683+00:00'}, 'profession': {'id': 'ecf554fc-fc36-4970-a089-000000000004', 'code': '006', 'name': 'Cashier', 'group_id': 'ecf554fc-fc36-4970-a000-e70000000002', 'created_at': '2025-07-16T14:31:51.010917+00:00', 'updated_at': '2025-07-16T14:31:51.010917+00:00'}, 'professional_group': {}}
DEBUG | 2025-08-04 15:45:24,118 | routes.setup_router | create_client_contact() | L364 | Individual
DEBUG | 2025-08-04 15:48:43,165 | routes.setup_router | create_client_contact() | L363 | None
DEBUG | 2025-08-04 15:51:18,033 | routes.setup_router | create_client_contact() | L364 | None
DEBUG | 2025-08-04 15:52:31,618 | routes.setup_router | create_client_contact() | L364 | None
DEBUG | 2025-08-04 15:54:05,132 | routes.setup_router | create_client_contact() | L364 | None
ERROR | 2025-08-04 17:33:01,109 | repos.client    | create() | L128 | 'ProspStageCreate' object has no attribute 'full_name'
DEBUG | 2025-08-04 17:43:15,206 | routes.setup_router | create_biz_introducer() | L258 | Create biz intro
DEBUG | 2025-08-04 17:43:15,207 | routes.setup_router | validate_fields() | L239 | validate individual
DEBUG | 2025-08-04 17:43:15,208 | routes.setup_router | create_biz_introducer() | L270 | 
WARNING | 2025-08-04 17:43:15,267 | routes.setup_router | create_biz_introducer() | L274 | {'id': '8bfc3e05-06f3-4a0b-9041-7259ba344d0d', 'title_id': '00000000-0000-4000-8000-a10000000000', 'full_name': 'Janet Jackson', 'primary_contact': '0200000002', 'commission_rate': Decimal('1.00'), 'email': 'janet@mail.com', 'contact_no': '', 'address': 'Accra', 'location': 'Accra', 'business_name': 'Unleash', 'business_reg_no': '13423423423-B', 'id_type': 'ghana-card', 'id_number': 'GHA-000000000-1', 'tin_no': '1234354253', 'bank_id': 'b0000000-fc36-0000-b000-000000000003', 'bank_account_name': 'Unleash', 'bank_branch_name': 'Accra', 'bank_account_no': '0324235345232', 'notes': '', 'biz_agreement_doc': '', 'itype': 'Individual', 'user_id': '20000000-0000-4001-0000-010000000000', 'active_status': 'active', 'created_at': '2025-08-04T17:43:15+00:00', 'updated_at': '2025-08-04T17:43:15+00:00'}
ERROR | 2025-08-06 16:41:25,560 | repos.prospect  | create() | L49 | column "account_manager" of relation "prospects" does not exist
LINE 1: ...d", "client_type", "company_name", "year_of_inc", "account_m...
                                                             ^

WARNING | 2025-08-06 16:41:25,562 | routes.setup_router | create_prospect() | L322 | None
ERROR | 2025-08-06 16:42:07,103 | repos.prospect  | create() | L49 | column "account_manager" of relation "prospects" does not exist
LINE 1: ...d", "client_type", "company_name", "year_of_inc", "account_m...
                                                             ^

WARNING | 2025-08-06 16:42:07,103 | routes.setup_router | create_prospect() | L322 | None
ERROR | 2025-08-06 16:43:42,085 | repos.prospect  | create() | L49 | column "account_manager" of relation "prospects" does not exist
LINE 1: ...d", "client_type", "company_name", "year_of_inc", "account_m...
                                                             ^

DEBUG | 2025-08-06 16:43:42,087 | routes.setup_router | create_prospect() | L321 | RES
DEBUG | 2025-08-06 16:43:42,088 | routes.setup_router | create_prospect() | L322 | {'errors': {}, 'data': None}
WARNING | 2025-08-06 16:43:42,088 | routes.setup_router | create_prospect() | L324 | None
ERROR | 2025-08-06 16:46:47,921 | repos.prospect  | create() | L49 | column "account_manager" of relation "prospects" does not exist
LINE 1: ...d", "client_type", "company_name", "year_of_inc", "account_m...
                                                             ^

DEBUG | 2025-08-06 16:46:47,922 | routes.setup_router | create_prospect() | L321 | RES
DEBUG | 2025-08-06 16:46:47,923 | routes.setup_router | create_prospect() | L322 | {'errors': {}, 'data': None}
WARNING | 2025-08-06 16:46:47,924 | routes.setup_router | create_prospect() | L324 | None
ERROR | 2025-08-06 17:06:18,475 | repos.prospect  | create() | L49 | null value in column "source" of relation "prospects" violates not-null constraint
DETAIL:  Failing row contains (4a62fe8c-da56-4c01-a450-d4b6d89a02f5, Individual, null, null, Madina, hansonat@mail.com, 23320236172612, 00000000-0000-4000-8000-a10000000000, Hanson, Atinga, null, M, 60000000-0000-0000-0000-010000000084, null, 20000000-0000-4001-0000-010000000000, active, 2025-08-06 17:06:18+00, 2025-08-06 17:06:18+00).

DEBUG | 2025-08-06 17:06:18,476 | routes.setup_router | create_prospect() | L321 | RES
DEBUG | 2025-08-06 17:06:18,477 | routes.setup_router | create_prospect() | L322 | {'errors': {}, 'data': None}
WARNING | 2025-08-06 17:06:18,478 | routes.setup_router | create_prospect() | L324 | None
ERROR | 2025-08-06 17:08:13,083 | repos.prospect  | create() | L49 | null value in column "source" of relation "prospects" violates not-null constraint
DETAIL:  Failing row contains (1a5fe456-d814-4f56-ae6f-42eed44aee24, Individual, null, null, Madina, hansonat@mail.com, 23320236172612, 00000000-0000-4000-8000-a10000000000, Hanson, Atinga, null, M, 60000000-0000-0000-0000-010000000084, null, 20000000-0000-4001-0000-010000000000, active, 2025-08-06 17:08:13+00, 2025-08-06 17:08:13+00).

DEBUG | 2025-08-06 17:08:13,083 | routes.setup_router | create_prospect() | L321 | RES
DEBUG | 2025-08-06 17:08:13,084 | routes.setup_router | create_prospect() | L322 | {'errors': {}, 'data': None}
WARNING | 2025-08-06 17:08:13,084 | routes.setup_router | create_prospect() | L324 | None
DEBUG | 2025-08-06 17:12:52,317 | routes.setup_router | create_prospect() | L321 | RES
DEBUG | 2025-08-06 17:12:52,318 | routes.setup_router | create_prospect() | L322 | {'errors': {}, 'data': {'id': '357a5b53-d693-417b-af72-599b6ff33895', 'title_id': '00000000-0000-4000-8000-a10000000000', 'first_name': 'Hanson', 'last_name': 'Atinga', 'other_names': None, 'email': 'hansonat@mail.com', 'contact_no': '23320236172612', 'sex': 'M', 'address_loc': 'Madina', 'nationality_id': '60000000-0000-0000-0000-010000000084', 'client_type': 'Individual', 'company_name': None, 'year_of_inc': None, 'source': 'Referral', 'active_status': 'active', 'created_by': '20000000-0000-4001-0000-010000000000', 'created_at': '2025-08-06T17:12:52+00:00', 'updated_at': '2025-08-06T17:12:52+00:00'}}
WARNING | 2025-08-06 17:12:52,318 | routes.setup_router | create_prospect() | L324 | {'id': '357a5b53-d693-417b-af72-599b6ff33895', 'title_id': '00000000-0000-4000-8000-a10000000000', 'first_name': 'Hanson', 'last_name': 'Atinga', 'other_names': None, 'email': 'hansonat@mail.com', 'contact_no': '23320236172612', 'sex': 'M', 'address_loc': 'Madina', 'nationality_id': '60000000-0000-0000-0000-010000000084', 'client_type': 'Individual', 'company_name': None, 'year_of_inc': None, 'source': 'Referral', 'active_status': 'active', 'created_by': '20000000-0000-4001-0000-010000000000', 'created_at': '2025-08-06T17:12:52+00:00', 'updated_at': '2025-08-06T17:12:52+00:00'}
DEBUG | 2025-08-06 17:19:51,838 | routes.setup_router | create_prospect() | L321 | RES
DEBUG | 2025-08-06 17:19:51,839 | routes.setup_router | create_prospect() | L322 | {'errors': {}, 'data': {'id': '8f9e9e89-c2e9-4eb3-b946-b643ec971ee5', 'title_id': '00000000-0000-4000-8000-a10000000000', 'first_name': 'Hanson', 'last_name': 'Atinga', 'other_names': None, 'email': 'hansonat@mail.com', 'contact_no': '23320236172612', 'sex': 'M', 'address_loc': 'Madina', 'nationality_id': '60000000-0000-0000-0000-010000000084', 'client_type': 'Individual', 'company_name': None, 'year_of_inc': None, 'source': 'Referral', 'active_status': 'active', 'created_by': '20000000-0000-4001-0000-010000000000', 'created_at': '2025-08-06T17:19:51+00:00', 'updated_at': '2025-08-06T17:19:51+00:00'}}
WARNING | 2025-08-06 17:19:51,840 | routes.setup_router | create_prospect() | L332 | PS RES
WARNING | 2025-08-06 17:19:51,841 | routes.setup_router | create_prospect() | L333 | <coroutine object ProspectStageRepo.create at 0x767f4cccd740>
WARNING | 2025-08-06 17:19:51,842 | routes.setup_router | create_prospect() | L334 | {'id': '8f9e9e89-c2e9-4eb3-b946-b643ec971ee5', 'title_id': '00000000-0000-4000-8000-a10000000000', 'first_name': 'Hanson', 'last_name': 'Atinga', 'other_names': None, 'email': 'hansonat@mail.com', 'contact_no': '23320236172612', 'sex': 'M', 'address_loc': 'Madina', 'nationality_id': '60000000-0000-0000-0000-010000000084', 'client_type': 'Individual', 'company_name': None, 'year_of_inc': None, 'source': 'Referral', 'active_status': 'active', 'created_by': '20000000-0000-4001-0000-010000000000', 'created_at': '2025-08-06T17:19:51+00:00', 'updated_at': '2025-08-06T17:19:51+00:00'}
DEBUG | 2025-08-06 17:24:33,898 | routes.setup_router | create_prospect() | L321 | RES
DEBUG | 2025-08-06 17:24:33,899 | routes.setup_router | create_prospect() | L322 | {'errors': {}, 'data': {'id': 'c0196af6-a949-4fc9-ba42-c4087b72a551', 'title_id': '00000000-0000-4000-8000-a10000000000', 'first_name': 'Hanson', 'last_name': 'Atinga', 'other_names': None, 'email': 'hansonat@mail.com', 'contact_no': '23320236172612', 'sex': 'M', 'address_loc': 'Madina', 'nationality_id': '60000000-0000-0000-0000-010000000084', 'client_type': 'Individual', 'company_name': None, 'year_of_inc': None, 'source': 'Referral', 'active_status': 'active', 'created_by': '20000000-0000-4001-0000-010000000000', 'created_at': '2025-08-06T17:24:33+00:00', 'updated_at': '2025-08-06T17:24:33+00:00'}}
ERROR | 2025-08-06 17:24:33,901 | repos.prospect  | create() | L93 | 'dict' object has no attribute 'prospect_id'
WARNING | 2025-08-06 17:24:33,902 | routes.setup_router | create_prospect() | L332 | PS RES
WARNING | 2025-08-06 17:24:33,903 | routes.setup_router | create_prospect() | L333 | {'errors': {}, 'data': None}
WARNING | 2025-08-06 17:24:33,904 | routes.setup_router | create_prospect() | L334 | {'id': 'c0196af6-a949-4fc9-ba42-c4087b72a551', 'title_id': '00000000-0000-4000-8000-a10000000000', 'first_name': 'Hanson', 'last_name': 'Atinga', 'other_names': None, 'email': 'hansonat@mail.com', 'contact_no': '23320236172612', 'sex': 'M', 'address_loc': 'Madina', 'nationality_id': '60000000-0000-0000-0000-010000000084', 'client_type': 'Individual', 'company_name': None, 'year_of_inc': None, 'source': 'Referral', 'active_status': 'active', 'created_by': '20000000-0000-4001-0000-010000000000', 'created_at': '2025-08-06T17:24:33+00:00', 'updated_at': '2025-08-06T17:24:33+00:00'}
ERROR | 2025-08-06 17:32:12,255 | repos.prospect  | create() | L47 | Prospect Individual already exists | (Hanson, Atinga)
ERROR | 2025-08-06 17:32:12,256 | repos.prospect  | create() | L49 | duplicate key value violates unique constraint "prospects_email_contact_no_unique"
DETAIL:  Key (email, contact_no)=(hansonat@mail.com, 23320236172612) already exists.

DEBUG | 2025-08-06 17:32:12,257 | routes.setup_router | create_prospect() | L321 | RES
DEBUG | 2025-08-06 17:32:12,258 | routes.setup_router | create_prospect() | L322 | {'errors': {'unique_constraint': 'duplicate key value violates unique constraint "prospects_email_contact_no_unique"\nDETAIL:  Key (email, contact_no)=(hansonat@mail.com, 23320236172612) already exists.\n'}, 'data': None}
WARNING | 2025-08-06 17:32:12,260 | routes.setup_router | create_prospect() | L334 | None
DEBUG | 2025-08-06 17:32:47,207 | routes.setup_router | create_prospect() | L321 | RES
DEBUG | 2025-08-06 17:32:47,207 | routes.setup_router | create_prospect() | L322 | {'errors': {}, 'data': {'id': '146c4b4f-f005-4182-9846-d5560fb6b818', 'title_id': '00000000-0000-4000-8000-a10000000000', 'first_name': 'Hanson', 'last_name': 'Atinga', 'other_names': None, 'email': 'hansonat@mail.com', 'contact_no': '23320236172612', 'sex': 'M', 'address_loc': 'Madina', 'nationality_id': '60000000-0000-0000-0000-010000000084', 'client_type': 'Individual', 'company_name': None, 'year_of_inc': None, 'source': 'Referral', 'active_status': 'active', 'created_by': '20000000-0000-4001-0000-010000000000', 'created_at': '2025-08-06T17:32:47+00:00', 'updated_at': '2025-08-06T17:32:47+00:00'}}
ERROR | 2025-08-06 17:32:47,209 | repos.prospect  | create() | L93 | 'dict' object has no attribute 'prospect_id'
WARNING | 2025-08-06 17:32:47,210 | routes.setup_router | create_prospect() | L332 | PS RES
WARNING | 2025-08-06 17:32:47,211 | routes.setup_router | create_prospect() | L333 | {'errors': {}, 'data': None}
WARNING | 2025-08-06 17:32:47,211 | routes.setup_router | create_prospect() | L334 | {'id': '146c4b4f-f005-4182-9846-d5560fb6b818', 'title_id': '00000000-0000-4000-8000-a10000000000', 'first_name': 'Hanson', 'last_name': 'Atinga', 'other_names': None, 'email': 'hansonat@mail.com', 'contact_no': '23320236172612', 'sex': 'M', 'address_loc': 'Madina', 'nationality_id': '60000000-0000-0000-0000-010000000084', 'client_type': 'Individual', 'company_name': None, 'year_of_inc': None, 'source': 'Referral', 'active_status': 'active', 'created_by': '20000000-0000-4001-0000-010000000000', 'created_at': '2025-08-06T17:32:47+00:00', 'updated_at': '2025-08-06T17:32:47+00:00'}
ERROR | 2025-08-06 17:36:06,476 | repos.prospect  | create() | L93 | 'dict' object has no attribute 'prospect_id'
WARNING | 2025-08-06 17:36:06,477 | routes.setup_router | create_prospect() | L334 | PS RES
WARNING | 2025-08-06 17:36:06,477 | routes.setup_router | create_prospect() | L335 | {'errors': {}, 'data': None}
ERROR | 2025-08-06 17:36:56,678 | repos.prospect  | create() | L93 | 'dict' object has no attribute 'prospect_id'
WARNING | 2025-08-06 17:36:56,679 | routes.setup_router | create_prospect() | L335 | PS RES
WARNING | 2025-08-06 17:36:56,679 | routes.setup_router | create_prospect() | L336 | {'errors': {}, 'data': None}
ERROR | 2025-08-06 17:37:38,938 | repos.prospect  | create() | L93 | 'dict' object has no attribute 'prospect_id'
WARNING | 2025-08-06 17:37:38,939 | routes.setup_router | create_prospect() | L335 | PS RES
WARNING | 2025-08-06 17:37:38,940 | routes.setup_router | create_prospect() | L336 | {'errors': {}, 'data': None}
WARNING | 2025-08-06 17:42:51,776 | routes.setup_router | create_prospect() | L339 | PS RES
WARNING | 2025-08-06 17:42:51,777 | routes.setup_router | create_prospect() | L340 | {'errors': {}, 'data': {'prospect_id': '146c4b4f-f005-4182-9846-d5560fb6b818', 'stage': 'Initial talks', 'notes': 'Just at the talking stage', 'created_at': '2025-08-06T17:42:51+00:00', 'updated_at': '2025-08-06T17:42:51+00:00'}}
DEBUG | 2025-08-06 17:46:24,613 | routes.setup_router | create_prospect() | L321 | RES
DEBUG | 2025-08-06 17:46:24,614 | routes.setup_router | create_prospect() | L322 | {'errors': {}, 'data': {'id': 'd2cd6507-8d4d-43d7-8a99-1d6ac3e61be3', 'title_id': '00000000-0000-4000-8000-a10000000000', 'first_name': 'Hanson', 'last_name': 'Atinga', 'other_names': None, 'email': 'hansonat@mail.com', 'contact_no': '23320236172612', 'sex': 'M', 'address_loc': 'Madina', 'nationality_id': '60000000-0000-0000-0000-010000000084', 'client_type': 'Individual', 'company_name': None, 'year_of_inc': None, 'source': 'Referral', 'active_status': 'active', 'created_by': '20000000-0000-4001-0000-010000000000', 'created_at': '2025-08-06T17:46:24+00:00', 'updated_at': '2025-08-06T17:46:24+00:00'}}
WARNING | 2025-08-06 17:46:24,615 | routes.setup_router | create_prospect() | L324 | {'id': 'd2cd6507-8d4d-43d7-8a99-1d6ac3e61be3', 'title_id': '00000000-0000-4000-8000-a10000000000', 'first_name': 'Hanson', 'last_name': 'Atinga', 'other_names': None, 'email': 'hansonat@mail.com', 'contact_no': '23320236172612', 'sex': 'M', 'address_loc': 'Madina', 'nationality_id': '60000000-0000-0000-0000-010000000084', 'client_type': 'Individual', 'company_name': None, 'year_of_inc': None, 'source': 'Referral', 'active_status': 'active', 'created_by': '20000000-0000-4001-0000-010000000000', 'created_at': '2025-08-06T17:46:24+00:00', 'updated_at': '2025-08-06T17:46:24+00:00'}
